ARM Linker, 4.1 [Build 561] [Evaluation]

==============================================================================

Section Cross References

    startup_lpc17xx.o(RESET) refers to startup_lpc17xx.o(STACK) for __initial_sp
    startup_lpc17xx.o(RESET) refers to startup_lpc17xx.o(.text) for Reset_Handler
    startup_lpc17xx.o(.text) refers to startup_lpc17xx.o(HEAP) for Heap_Mem


==============================================================================

Image Symbol Table

    Local Symbols

    Symbol Name                              Value     Ov Type        Size  Object(Section)

    RESET                                    0x00000000   Section      204  startup_lpc17xx.o(RESET)
    startup_LPC17xx.s                        0x00000000   Number         0  startup_lpc17xx.o ABSOLUTE
    .ARM.__at_0x02FC                         0x000002fc   Section        4  startup_lpc17xx.o(.ARM.__at_0x02FC)
    .text                                    0x00000300   Section      564  startup_lpc17xx.o(.text)
    Price_list                               0x00000304   Data          32  startup_lpc17xx.o(.text)
    Item_list                                0x000003e4   Data          32  startup_lpc17xx.o(.text)
    HEAP                                     0x10000000   Section      512  startup_lpc17xx.o(HEAP)
    Heap_Mem                                 0x10000000   Data         512  startup_lpc17xx.o(HEAP)
    STACK                                    0x10000200   Section      512  startup_lpc17xx.o(STACK)

    Global Symbols

    Symbol Name                              Value     Ov Type        Size  Object(Section)

    BuildAttributes$$THM_ISAv4$P$D$K$B$S$PE$A:L22UL41UL21$X:L11$S22US41US21$IEEE1$IW$USESV6$~STKCKD$USESV7$~SHL$OSPACE$EBA8$STANDARDLIB$PRES8$EABIv2 0x00000000   Number         0  anon$$obj.o ABSOLUTE
    __Vectors                                0x00000000   Data           4  startup_lpc17xx.o(RESET)
    Reset_Handler                            0x00000301   Thumb Code   426  startup_lpc17xx.o(.text)
    NMI_Handler                              0x0000050f   Thumb Code     2  startup_lpc17xx.o(.text)
    HardFault_Handler                        0x00000511   Thumb Code     2  startup_lpc17xx.o(.text)
    MemManage_Handler                        0x00000513   Thumb Code     2  startup_lpc17xx.o(.text)
    BusFault_Handler                         0x00000515   Thumb Code     2  startup_lpc17xx.o(.text)
    UsageFault_Handler                       0x00000517   Thumb Code     2  startup_lpc17xx.o(.text)
    SVC_Handler                              0x00000519   Thumb Code     2  startup_lpc17xx.o(.text)
    DebugMon_Handler                         0x0000051b   Thumb Code     2  startup_lpc17xx.o(.text)
    PendSV_Handler                           0x0000051d   Thumb Code     2  startup_lpc17xx.o(.text)
    SysTick_Handler                          0x0000051f   Thumb Code     2  startup_lpc17xx.o(.text)
    ADC_IRQHandler                           0x00000521   Thumb Code     0  startup_lpc17xx.o(.text)
    BOD_IRQHandler                           0x00000521   Thumb Code     0  startup_lpc17xx.o(.text)
    CANActivity_IRQHandler                   0x00000521   Thumb Code     0  startup_lpc17xx.o(.text)
    CAN_IRQHandler                           0x00000521   Thumb Code     0  startup_lpc17xx.o(.text)
    DMA_IRQHandler                           0x00000521   Thumb Code     0  startup_lpc17xx.o(.text)
    EINT0_IRQHandler                         0x00000521   Thumb Code     0  startup_lpc17xx.o(.text)
    EINT1_IRQHandler                         0x00000521   Thumb Code     0  startup_lpc17xx.o(.text)
    EINT2_IRQHandler                         0x00000521   Thumb Code     0  startup_lpc17xx.o(.text)
    EINT3_IRQHandler                         0x00000521   Thumb Code     0  startup_lpc17xx.o(.text)
    ENET_IRQHandler                          0x00000521   Thumb Code     0  startup_lpc17xx.o(.text)
    I2C0_IRQHandler                          0x00000521   Thumb Code     0  startup_lpc17xx.o(.text)
    I2C1_IRQHandler                          0x00000521   Thumb Code     0  startup_lpc17xx.o(.text)
    I2C2_IRQHandler                          0x00000521   Thumb Code     0  startup_lpc17xx.o(.text)
    I2S_IRQHandler                           0x00000521   Thumb Code     0  startup_lpc17xx.o(.text)
    MCPWM_IRQHandler                         0x00000521   Thumb Code     0  startup_lpc17xx.o(.text)
    PLL0_IRQHandler                          0x00000521   Thumb Code     0  startup_lpc17xx.o(.text)
    PLL1_IRQHandler                          0x00000521   Thumb Code     0  startup_lpc17xx.o(.text)
    PWM1_IRQHandler                          0x00000521   Thumb Code     0  startup_lpc17xx.o(.text)
    QEI_IRQHandler                           0x00000521   Thumb Code     0  startup_lpc17xx.o(.text)
    RIT_IRQHandler                           0x00000521   Thumb Code     0  startup_lpc17xx.o(.text)
    RTC_IRQHandler                           0x00000521   Thumb Code     0  startup_lpc17xx.o(.text)
    SPI_IRQHandler                           0x00000521   Thumb Code     0  startup_lpc17xx.o(.text)
    SSP0_IRQHandler                          0x00000521   Thumb Code     0  startup_lpc17xx.o(.text)
    SSP1_IRQHandler                          0x00000521   Thumb Code     0  startup_lpc17xx.o(.text)
    TIMER0_IRQHandler                        0x00000521   Thumb Code     0  startup_lpc17xx.o(.text)
    TIMER1_IRQHandler                        0x00000521   Thumb Code     0  startup_lpc17xx.o(.text)
    TIMER2_IRQHandler                        0x00000521   Thumb Code     0  startup_lpc17xx.o(.text)
    TIMER3_IRQHandler                        0x00000521   Thumb Code     0  startup_lpc17xx.o(.text)
    UART0_IRQHandler                         0x00000521   Thumb Code     0  startup_lpc17xx.o(.text)
    UART1_IRQHandler                         0x00000521   Thumb Code     0  startup_lpc17xx.o(.text)
    UART2_IRQHandler                         0x00000521   Thumb Code     0  startup_lpc17xx.o(.text)
    UART3_IRQHandler                         0x00000521   Thumb Code     0  startup_lpc17xx.o(.text)
    USBActivity_IRQHandler                   0x00000521   Thumb Code     0  startup_lpc17xx.o(.text)
    USB_IRQHandler                           0x00000521   Thumb Code     0  startup_lpc17xx.o(.text)
    WDT_IRQHandler                           0x00000521   Thumb Code     0  startup_lpc17xx.o(.text)
    __heap_base                              0x10000000   Data           0  startup_lpc17xx.o(HEAP)
    __heap_limit                             0x10000200   Data           0  startup_lpc17xx.o(HEAP)
    __initial_sp                             0x10000400   Data           0  startup_lpc17xx.o(STACK)



==============================================================================

Memory Map of the image

  Image Entry point : 0x00000301

  Load Region LR_1 (Base: 0x00000000, Size: 0x00000534, Max: 0xffffffff, ABSOLUTE)

    Execution Region ER_RO (Base: 0x00000000, Size: 0x00000534, Max: 0xffffffff, ABSOLUTE)

    Base Addr    Size         Type   Attr      Idx    E Section Name        Object

    0x00000000   0x000000cc   Data   RO            3    RESET               startup_lpc17xx.o
    0x000000cc   0x00000230   PAD
    0x000002fc   0x00000004   Code   RO            4    .ARM.__at_0x02FC    startup_lpc17xx.o
    0x00000300   0x00000234   Code   RO            5  * .text               startup_lpc17xx.o


    Execution Region ER_RW (Base: 0x10000000, Size: 0x00000000, Max: 0xffffffff, ABSOLUTE)

    **** No section assigned to this execution region ****


    Execution Region ER_ZI (Base: 0x10000000, Size: 0x00000400, Max: 0xffffffff, ABSOLUTE)

    Base Addr    Size         Type   Attr      Idx    E Section Name        Object

    0x10000000   0x00000200   Zero   RW            2    HEAP                startup_lpc17xx.o
    0x10000200   0x00000200   Zero   RW            1    STACK               startup_lpc17xx.o


==============================================================================

Image component sizes


      Code (inc. data)   RO Data    RW Data    ZI Data      Debug   Object Name

       568        280        204          0       1024       1024   startup_lpc17xx.o

    ----------------------------------------------------------------------
       568        280        764          0       1024       1024   Object Totals
         0          0          0          0          0          0   (incl. Generated)
         0          0        560          0          0          0   (incl. Padding)

    ----------------------------------------------------------------------
         0          0          0          0          0          0   Library Totals
         0          0          0          0          0          0   (incl. Padding)

    ----------------------------------------------------------------------

==============================================================================


      Code (inc. data)   RO Data    RW Data    ZI Data      Debug   

       568        280        764          0       1024       1024   Grand Totals
       568        280        764          0       1024       1024   ELF Image Totals
       568        280        764          0          0          0   ROM Totals

==============================================================================

    Total RO  Size (Code + RO Data)                 1332 (   1.30kB)
    Total RW  Size (RW Data + ZI Data)              1024 (   1.00kB)
    Total ROM Size (Code + RO Data + RW Data)       1332 (   1.30kB)

==============================================================================

