<html>
<body>
<pre>
<h1>µVision Build Log</h1>
<h2>Project:</h2>
C:\Users\Michel\Desktop\CA\Computer-Architectures-labs\lab11\lab_11\sample.uvproj
Project File Date:  01/10/2019

<h2>Output:</h2>
Rebuild target 'Target 1'
assembling startup_LPC17xx.s...
compiling sample.c...
compiling core_cm3.c...
compiling system_LPC17xx.c...
compiling funct_led.c...
compiling lib_led.c...
compiling IRQ_button.c...
compiling lib_button.c...
compiling IRQ_timer.c...
compiling lib_timer.c...
compiling semaphore_system.c...
compiling funct_joystick.c...
compiling lib_joystick.c...
compiling IRQ_adc.c...
compiling lib_adc.c...
compiling IRQ_RIT.c...
compiling lib_RIT.c...
compiling speaker.c...
linking...
Program Size: Code=4008 RO-data=300 RW-data=120 ZI-data=608  
".\sample.axf" - 0 Error(s), 0 Warning(s).
Load "C:\\Users\\Michel\\Desktop\\CA\\Computer-Architectures-labs\\lab11\\lab_11\\sample.axf" 
Erase Failed!
Error: Flash Download failed  -  "Cortex-M3"
Load "C:\\Users\\Michel\\Desktop\\CA\\Computer-Architectures-labs\\lab11\\lab_11\\sample.axf" 
Erase Done.
Programming Done.
Verify OK.
</pre>
</body>
</html>
