<html>
<body>
<pre>
<h1>µVision Build Log</h1>
<h2>Project:</h2>
C:\Users\Michel\Desktop\CA\Computer-Architectures-labs\lab7\Nuova cartella\es2.uvproj
Project File Date:  12/08/2018

<h2>Output:</h2>
assembling es2.s...
es2.s(113): warning: A1581W: Added 2 bytes of padding at address 0x2
es2.s:   113 00000004 Price_list DCD 0x042, 230, 0x04A, 265, 0x007, 1210, 0x00A, 245 
es2.s: 0 Errors, 1 Warning
es2.s - 0 Error(s), 1 Warning(s).
Build target 'Target 1'
linking...
Program Size: Code=568 RO-data=764 RW-data=0 ZI-data=1024  
"es2.axf" - 0 Error(s), 0 Warning(s).
