<html>
<body>
<pre>
<h1>µVision Build Log</h1>
<h2>Project:</h2>
D:\Documents\00_other_shared\cad\dida\Laurea Magistrale\ComputerArchitectures\2018 - 19\slides\ARM\examples\sample_BUTTON_LED\sample.uvproj
Project File Date:  12/05/2018

<h2>Output:</h2>
Rebuild target 'Target 1'
assembling startup_LPC17xx.s...
compiling sample.c...
compiling core_cm3.c...
compiling system_LPC17xx.c...
compiling funct_led.c...
compiling lib_led.c...
compiling IRQ_button.c...
compiling lib_button.c...
linking...
Program Size: Code=1364 RO-data=268 RW-data=8 ZI-data=608  
".\sample.axf" - 0 Error(s), 0 Warning(s).
</pre>
</body>
</html>
