ARM Linker, 4.1 [Build 561] [Evaluation]

==============================================================================

Section Cross References

    es1.o(RESET) refers to es1.o(STACK) for __initial_sp
    es1.o(RESET) refers to es1.o(.text) for Reset_Handler


==============================================================================

Removing Unused input sections from the image.

    Removing es1.o(HEAP), (512 bytes).

1 unused section(s) (total 512 bytes) removed from the image.

==============================================================================

Image Symbol Table

    Local Symbols

    Symbol Name                              Value     Ov Type        Size  Object(Section)

    RESET                                    0x00000000   Section      204  es1.o(RESET)
    es1.s                                    0x00000000   Number         0  es1.o ABSOLUTE
    .text                                    0x000000cc   Section      412  es1.o(.text)
    Price_list                               0x000000d0   Data          32  es1.o(.text)
    Item_list                                0x000001b0   Data          32  es1.o(.text)
    .ARM.__at_0x02FC                         0x000002fc   Section        4  es1.o(.ARM.__at_0x02FC)
    STACK                                    0x10000000   Section      512  es1.o(STACK)

    Global Symbols

    Symbol Name                              Value     Ov Type        Size  Object(Section)

    BuildAttributes$$THM_ISAv4$P$D$K$B$S$PE$A:L22UL41UL21$X:L11$S22US41US21$IEEE1$IW$USESV6$~STKCKD$USESV7$~SHL$OSPACE$EBA8$STANDARDLIB$PRES8$EABIv2 0x00000000   Number         0  anon$$obj.o ABSOLUTE
    __Vectors                                0x00000000   Data           4  es1.o(RESET)
    Reset_Handler                            0x000000cd   Thumb Code   378  es1.o(.text)
    NMI_Handler                              0x00000247   Thumb Code     2  es1.o(.text)
    HardFault_Handler                        0x00000249   Thumb Code     2  es1.o(.text)
    MemManage_Handler                        0x0000024b   Thumb Code     2  es1.o(.text)
    BusFault_Handler                         0x0000024d   Thumb Code     2  es1.o(.text)
    UsageFault_Handler                       0x0000024f   Thumb Code     2  es1.o(.text)
    SVC_Handler                              0x00000251   Thumb Code     2  es1.o(.text)
    DebugMon_Handler                         0x00000253   Thumb Code     2  es1.o(.text)
    PendSV_Handler                           0x00000255   Thumb Code     2  es1.o(.text)
    SysTick_Handler                          0x00000257   Thumb Code     2  es1.o(.text)
    ADC_IRQHandler                           0x00000259   Thumb Code     0  es1.o(.text)
    BOD_IRQHandler                           0x00000259   Thumb Code     0  es1.o(.text)
    CANActivity_IRQHandler                   0x00000259   Thumb Code     0  es1.o(.text)
    CAN_IRQHandler                           0x00000259   Thumb Code     0  es1.o(.text)
    DMA_IRQHandler                           0x00000259   Thumb Code     0  es1.o(.text)
    EINT0_IRQHandler                         0x00000259   Thumb Code     0  es1.o(.text)
    EINT1_IRQHandler                         0x00000259   Thumb Code     0  es1.o(.text)
    EINT2_IRQHandler                         0x00000259   Thumb Code     0  es1.o(.text)
    EINT3_IRQHandler                         0x00000259   Thumb Code     0  es1.o(.text)
    ENET_IRQHandler                          0x00000259   Thumb Code     0  es1.o(.text)
    I2C0_IRQHandler                          0x00000259   Thumb Code     0  es1.o(.text)
    I2C1_IRQHandler                          0x00000259   Thumb Code     0  es1.o(.text)
    I2C2_IRQHandler                          0x00000259   Thumb Code     0  es1.o(.text)
    I2S_IRQHandler                           0x00000259   Thumb Code     0  es1.o(.text)
    MCPWM_IRQHandler                         0x00000259   Thumb Code     0  es1.o(.text)
    PLL0_IRQHandler                          0x00000259   Thumb Code     0  es1.o(.text)
    PLL1_IRQHandler                          0x00000259   Thumb Code     0  es1.o(.text)
    PWM1_IRQHandler                          0x00000259   Thumb Code     0  es1.o(.text)
    QEI_IRQHandler                           0x00000259   Thumb Code     0  es1.o(.text)
    RIT_IRQHandler                           0x00000259   Thumb Code     0  es1.o(.text)
    RTC_IRQHandler                           0x00000259   Thumb Code     0  es1.o(.text)
    SPI_IRQHandler                           0x00000259   Thumb Code     0  es1.o(.text)
    SSP0_IRQHandler                          0x00000259   Thumb Code     0  es1.o(.text)
    SSP1_IRQHandler                          0x00000259   Thumb Code     0  es1.o(.text)
    TIMER0_IRQHandler                        0x00000259   Thumb Code     0  es1.o(.text)
    TIMER1_IRQHandler                        0x00000259   Thumb Code     0  es1.o(.text)
    TIMER2_IRQHandler                        0x00000259   Thumb Code     0  es1.o(.text)
    TIMER3_IRQHandler                        0x00000259   Thumb Code     0  es1.o(.text)
    UART0_IRQHandler                         0x00000259   Thumb Code     0  es1.o(.text)
    UART1_IRQHandler                         0x00000259   Thumb Code     0  es1.o(.text)
    UART2_IRQHandler                         0x00000259   Thumb Code     0  es1.o(.text)
    UART3_IRQHandler                         0x00000259   Thumb Code     0  es1.o(.text)
    USBActivity_IRQHandler                   0x00000259   Thumb Code     0  es1.o(.text)
    USB_IRQHandler                           0x00000259   Thumb Code     0  es1.o(.text)
    WDT_IRQHandler                           0x00000259   Thumb Code     0  es1.o(.text)
    __initial_sp                             0x10000200   Data           0  es1.o(STACK)



==============================================================================

Memory Map of the image

  Image Entry point : 0x000000cd

  Load Region LR_1 (Base: 0x00000000, Size: 0x00000300, Max: 0xffffffff, ABSOLUTE)

    Execution Region ER_RO (Base: 0x00000000, Size: 0x00000300, Max: 0xffffffff, ABSOLUTE)

    Base Addr    Size         Type   Attr      Idx    E Section Name        Object

    0x00000000   0x000000cc   Data   RO            3    RESET               es1.o
    0x000000cc   0x0000019c   Code   RO            5  * .text               es1.o
    0x00000268   0x00000094   PAD
    0x000002fc   0x00000004   Code   RO            4    .ARM.__at_0x02FC    es1.o


    Execution Region ER_RW (Base: 0x10000000, Size: 0x00000000, Max: 0xffffffff, ABSOLUTE)

    **** No section assigned to this execution region ****


    Execution Region ER_ZI (Base: 0x10000000, Size: 0x00000200, Max: 0xffffffff, ABSOLUTE)

    Base Addr    Size         Type   Attr      Idx    E Section Name        Object

    0x10000000   0x00000200   Zero   RW            1    STACK               es1.o


==============================================================================

Image component sizes


      Code (inc. data)   RO Data    RW Data    ZI Data      Debug   Object Name

       416        276        204          0        512        944   es1.o

    ----------------------------------------------------------------------
       564        424        204          0        512        944   Object Totals
         0          0          0          0          0          0   (incl. Generated)
       148        148          0          0          0          0   (incl. Padding)

    ----------------------------------------------------------------------
         0          0          0          0          0          0   Library Totals
         0          0          0          0          0          0   (incl. Padding)

    ----------------------------------------------------------------------

==============================================================================


      Code (inc. data)   RO Data    RW Data    ZI Data      Debug   

       564        424        204          0        512        944   Grand Totals
       564        424        204          0        512        944   ELF Image Totals
       564        424        204          0          0          0   ROM Totals

==============================================================================

    Total RO  Size (Code + RO Data)                  768 (   0.75kB)
    Total RW  Size (RW Data + ZI Data)               512 (   0.50kB)
    Total ROM Size (Code + RO Data + RW Data)        768 (   0.75kB)

==============================================================================

